[
  {
    "stage": "odsPipeline start",
    "status": "SUCCESS"
  },
  {
    "stage": "odsPipeline finished",
    "status": "SUCCESS"
  }
]
