[
  {
    "stage": "Init",
    "status": "SUCCESS"
  },
  {
    "stage": "Build",
    "status": "SUCCESS"
  },
  {
    "stage": "odsPipeline start",
    "status": "SUCCESS"
  },
  {
    "stage": "Check Format",
    "status": "SUCCESS"
  },
  {
    "stage": "Lint",
    "status": "SUCCESS"
  },
  {
    "stage": "Unit Test",
    "status": "SUCCESS"
  },
  {
    "stage": "Build",
    "status": "SUCCESS"
  },
  {
    "stage": "SonarQube Analysis",
    "status": "SUCCESS"
  },
  {
    "stage": "Build OpenShift Image",
    "status": "SUCCESS"
  },
  {
    "stage": "Deploy to OpenShift",
    "status": "SUCCESS"
  },
  {
    "stage": "odsPipeline finished",
    "status": "SUCCESS"
  },
  {
    "stage": "Deploy",
    "status": "SUCCESS"
  },
  {
    "stage": "Test",
    "status": "SUCCESS"
  },
  {
    "stage": "Release",
    "status": "SUCCESS"
  },
  {
    "stage": "Finalize",
    "status": "SUCCESS"
  }
]
