[
  {
    "stage": "Checkout quickstarter",
    "status": "SUCCESS"
  },
  {
    "stage": "Initialize output directory",
    "status": "SUCCESS"
  },
  {
    "stage": "Copy files from quickstarter",
    "status": "SUCCESS"
  },
  {
    "stage": "Configure metadata.yml for project",
    "status": "SUCCESS"
  },
  {
    "stage": "Create Jenkinsfile",
    "status": "SUCCESS"
  },
  {
    "stage": "Setup OpenShift resources",
    "status": "SUCCESS"
  },
  {
    "stage": "Push to remote",
    "status": "SUCCESS"
  }
]
