{
  "key": "unitt-springboot",
  "organization": "default-organization",
  "name": "unitt-springboot",
  "isFavorite": false,
  "visibility": "public",
  "extensions": [],
  "qualityProfiles": [
    {
      "name": "Sonar way",
      "language": "java",
      "deleted": false
    }
  ],
  "qualityGate": {
    "name": "Sonar way",
    "isDefault": true
  },
  "breadcrumbs": [
    {
      "key": "unitt-springboot",
      "name": "unitt-springboot",
      "qualifier": "TRK"
    }
  ]
}
