[
  {
    "stage": "odsPipeline start",
    "status": "SUCCESS"
  },
  {
    "stage": "Build and Unit Test",
    "status": "SUCCESS"
  },
  {
    "stage": "SonarQube Analysis",
    "status": "SUCCESS"
  },
  {
    "stage": "Build OpenShift Image",
    "status": "SUCCESS"
  },
{{- if .AquaEnabled }}
  {
    "stage": "Aqua Security Scan",
    "status": "SUCCESS"
  },
{{- end }}
  {
    "stage": "Tag created image",
    "status": "SUCCESS"
  },
  {
    "stage": "odsPipeline finished",
    "status": "SUCCESS"
  }
]
